Starting Scraper run at 2026-10-02 12:12:58.951470-03:00
[2026-10-02 12:12:58] Processing channel: tv-senado
[2026-10-02 12:12:59] Saved: schedule/tv-senado.json
[2026-10-02 12:12:59] Processing channel: tv-camara
[2026-10-02 12:12:59] Saved: schedule/tv-camara.json
[2026-10-02 12:12:59] Processing channel: tv-escola
[2026-10-02 12:13:00] Saved: schedule/tv-escola.json
[2026-10-02 12:13:00] Processing channel: history-channel
[2026-10-02 12:13:00] Saved: schedule/history-channel.json
[2026-10-02 12:13:00] Processing channel: rit
[2026-10-02 12:13:00] Saved: schedule/rit.json
[2026-10-02 12:13:00] Processing channel: multishow
[2026-10-02 12:13:01] Saved: schedule/multishow.json
[2026-10-02 12:13:01] Processing channel: fox-sports
[2026-10-02 12:13:01] Saved: schedule/fox-sports.json
[2026-10-02 12:13:01] Processing channel: h2
[2026-10-02 12:13:01] Saved: schedule/h2.json
[2026-10-02 12:13:01] Processing channel: food-network
[2026-10-02 12:13:02] Saved: schedule/food-network.json
[2026-10-02 12:13:02] Processing channel: discovery-kids
[2026-10-02 12:13:02] Saved: schedule/discovery-kids.json
[2026-10-02 12:13:02] Processing channel: national-geographic
[2026-10-02 12:13:02] Saved: schedule/national-geographic.json
[2026-10-02 12:13:02] Processing channel: discovery-turbo
[2026-10-02 12:13:03] Saved: schedule/discovery-turbo.json
[2026-10-02 12:13:03] Processing channel: tv-cabo-branco
[2026-10-02 12:13:03] Saved: schedule/tv-cabo-branco.json
[2026-10-02 12:13:03] Processing channel: hgtv
[2026-10-02 12:13:03] Saved: schedule/hgtv.json
[2026-10-02 12:13:03] Processing channel: tv-aratu
[2026-10-02 12:13:04] Saved: schedule/tv-aratu.json
[2026-10-02 12:13:04] Processing channel: gloob
[2026-10-02 12:13:04] Saved: schedule/gloob.json
[2026-10-02 12:13:04] Processing channel: gnt
[2026-10-02 12:13:04] Saved: schedule/gnt.json
[2026-10-02 12:13:04] Processing channel: boomerang
[2026-10-02 12:13:05] Saved: schedule/boomerang.json
[2026-10-02 12:13:05] Processing channel: tv-jangadeiro
[2026-10-02 12:13:05] Saved: schedule/tv-jangadeiro.json
[2026-10-02 12:13:05] Processing channel: tooncast
[2026-10-02 12:13:05] Saved: schedule/tooncast.json
[2026-10-02 12:13:05] Processing channel: amc-brasil
[2026-10-02 12:13:06] Saved: schedule/amc-brasil.json
[2026-10-02 12:13:06] Processing channel: telecine-action
[2026-10-02 12:13:06] Saved: schedule/telecine-action.json
[2026-10-02 12:13:06] Processing channel: telecine-premium
[2026-10-02 12:13:06] Saved: schedule/telecine-premium.json
[2026-10-02 12:13:06] Processing channel: hbo-family
[2026-10-02 12:13:06] Saved: schedule/hbo-family.json
[2026-10-02 12:13:06] Processing channel: a-e
[2026-10-02 12:13:07] Saved: schedule/a-e.json
[2026-10-02 12:13:07] Processing channel: tcm
[2026-10-02 12:13:07] Saved: schedule/tcm.json
[2026-10-02 12:13:07] Processing channel: discovery-theater-hd
[2026-10-02 12:13:07] Saved: schedule/discovery-theater-hd.json
[2026-10-02 12:13:07] Processing channel: telecine-pipoca
[2026-10-02 12:13:07] Saved: schedule/telecine-pipoca.json
[2026-10-02 12:13:07] Processing channel: discovery-home-health
[2026-10-02 12:13:08] Saved: schedule/discovery-home-health.json
[2026-10-02 12:13:08] Processing channel: lifetime-hd
[2026-10-02 12:13:08] Saved: schedule/lifetime-hd.json
[2026-10-02 12:13:08] Processing channel: play-tv
[2026-10-02 12:13:08] Saved: schedule/play-tv.json
[2026-10-02 12:13:08] Processing channel: cnn-brasil
[2026-10-02 12:13:08] Saved: schedule/cnn-brasil.json
[2026-10-02 12:13:08] Processing channel: animal-planet
[2026-10-02 12:13:09] Saved: schedule/animal-planet.json
[2026-10-02 12:13:09] Processing channel: canal-brasil
[2026-10-02 12:13:09] Saved: schedule/canal-brasil.json
[2026-10-02 12:13:09] Processing channel: cnn
[2026-10-02 12:13:09] Saved: schedule/cnn.json
[2026-10-02 12:13:09] Processing channel: e
[2026-10-02 12:13:09] Saved: schedule/e.json
[2026-10-02 12:13:09] Processing channel: discovery-science
[2026-10-02 12:13:10] Saved: schedule/discovery-science.json
[2026-10-02 12:13:10] Processing channel: discovery
[2026-10-02 12:13:10] Saved: schedule/discovery.json
[2026-10-02 12:13:10] Processing channel: espn
[2026-10-02 12:13:10] Saved: schedule/espn.json
[2026-10-02 12:13:10] Processing channel: gazeta-hd
[2026-10-02 12:13:10] Saved: schedule/gazeta-hd.json
[2026-10-02 12:13:10] Processing channel: futura
[2026-10-02 12:13:11] Saved: schedule/futura.json
[2026-10-02 12:13:11] Processing channel: hbo
[2026-10-02 12:13:11] Saved: schedule/hbo.json
[2026-10-02 12:13:11] Processing channel: hbo-2
[2026-10-02 12:13:11] Saved: schedule/hbo-2.json
[2026-10-02 12:13:11] Processing channel: rede-globo
[2026-10-02 12:13:12] Saved: schedule/rede-globo.json
[2026-10-02 12:13:12] Processing channel: globo-news
[2026-10-02 12:13:12] Saved: schedule/globo-news.json
[2026-10-02 12:13:12] Processing channel: mtv-brasil
[2026-10-02 12:13:12] Saved: schedule/mtv-brasil.json
[2026-10-02 12:13:12] Processing channel: max-up
[2026-10-02 12:13:13] Saved: schedule/max-up.json
[2026-10-02 12:13:13] Processing channel: max-prime
[2026-10-02 12:13:13] Saved: schedule/max-prime.json
[2026-10-02 12:13:13] Processing channel: max
[2026-10-02 12:13:13] Saved: schedule/max.json
[2026-10-02 12:13:13] Processing channel: hbo-signature
[2026-10-02 12:13:13] Saved: schedule/hbo-signature.json
[2026-10-02 12:13:13] Processing channel: film-arts
[2026-10-02 12:13:14] Saved: schedule/film-arts.json
[2026-10-02 12:13:14] Processing channel: zoomoo-hd
[2026-10-02 12:13:14] Saved: schedule/zoomoo-hd.json
[2026-10-02 12:13:14] Processing channel: space
[2026-10-02 12:13:14] Saved: schedule/space.json
[2026-10-02 12:13:14] Processing channel: record
[2026-10-02 12:13:15] Saved: schedule/record.json
[2026-10-02 12:13:15] Processing channel: sbt
[2026-10-02 12:13:15] Saved: schedule/sbt.json
[2026-10-02 12:13:15] Processing channel: band
[2026-10-02 12:13:15] Saved: schedule/band.json
[2026-10-02 12:13:15] Processing channel: rede-tv
[2026-10-02 12:13:16] Saved: schedule/rede-tv.json
[2026-10-02 12:13:16] Processing channel: sportv
[2026-10-02 12:13:16] Saved: schedule/sportv.json
[2026-10-02 12:13:16] Processing channel: cinemax
[2026-10-02 12:13:16] Saved: schedule/cinemax.json
[2026-10-02 12:13:16] Processing channel: Cultura
[2026-10-02 12:13:16] Saved: schedule/Cultura.json
[2026-10-02 12:13:16] Processing channel: telejornal
[2026-10-02 12:13:17] Warning: No schedule found for telejornal (Today or Tomorrow)
[2026-10-02 12:13:17] Processing channel: universal
[2026-10-02 12:13:17] Saved: schedule/universal.json
[2026-10-02 12:13:17] Processing channel: disney
[2026-10-02 12:13:17] Saved: schedule/disney.json
[2026-10-02 12:13:17] Processing channel: cartoon
[2026-10-02 12:13:17] Saved: schedule/cartoon.json
[2026-10-02 12:13:17] Processing channel: eurochannel
[2026-10-02 12:13:18] Saved: schedule/eurochannel.json
[2026-10-02 12:13:18] Processing channel: sportv2
[2026-10-02 12:13:18] Saved: schedule/sportv2.json
[2026-10-02 12:13:18] Processing channel: cnt
[2026-10-02 12:13:18] Saved: schedule/cnt.json
[2026-10-02 12:13:18] Processing channel: gloobinho
[2026-10-02 12:13:19] Saved: schedule/gloobinho.json
[2026-10-02 12:13:19] Saved master file: schedule/all-channel.json
[2026-10-02 12:13:19] Scraper finished.
